------------------------------------------------------------
Timing Analyzer Summary
------------------------------------------------------------

Type  : Slow 1200mV 85C Model Setup 'main|u1|altpll_component|auto_generated|pll1|clk[0]'
Slack : -4.011
TNS   : -55.032

Type  : Slow 1200mV 85C Model Hold 'main|u1|altpll_component|auto_generated|pll1|clk[0]'
Slack : 0.354
TNS   : 0.000

Type  : Slow 1200mV 85C Model Minimum Pulse Width 'main|u1|altpll_component|auto_generated|pll1|clk[0]'
Slack : 4.310
TNS   : 0.000

Type  : Slow 1200mV 85C Model Minimum Pulse Width 'MAX10_CLK2_50'
Slack : 9.844
TNS   : 0.000

Type  : Slow 1200mV 85C Model Minimum Pulse Width 'MAX10_CLK1_50'
Slack : 16.000
TNS   : 0.000

Type  : Slow 1200mV 85C Model Minimum Pulse Width 'ADC_CLK_10'
Slack : 96.000
TNS   : 0.000

Type  : Slow 1200mV 0C Model Setup 'main|u1|altpll_component|auto_generated|pll1|clk[0]'
Slack : -2.891
TNS   : -37.666

Type  : Slow 1200mV 0C Model Hold 'main|u1|altpll_component|auto_generated|pll1|clk[0]'
Slack : 0.314
TNS   : 0.000

Type  : Slow 1200mV 0C Model Minimum Pulse Width 'main|u1|altpll_component|auto_generated|pll1|clk[0]'
Slack : 4.324
TNS   : 0.000

Type  : Slow 1200mV 0C Model Minimum Pulse Width 'MAX10_CLK2_50'
Slack : 9.857
TNS   : 0.000

Type  : Slow 1200mV 0C Model Minimum Pulse Width 'MAX10_CLK1_50'
Slack : 16.000
TNS   : 0.000

Type  : Slow 1200mV 0C Model Minimum Pulse Width 'ADC_CLK_10'
Slack : 96.000
TNS   : 0.000

Type  : Fast 1200mV 0C Model Setup 'main|u1|altpll_component|auto_generated|pll1|clk[0]'
Slack : 3.792
TNS   : 0.000

Type  : Fast 1200mV 0C Model Hold 'main|u1|altpll_component|auto_generated|pll1|clk[0]'
Slack : 0.176
TNS   : 0.000

Type  : Fast 1200mV 0C Model Minimum Pulse Width 'main|u1|altpll_component|auto_generated|pll1|clk[0]'
Slack : 4.345
TNS   : 0.000

Type  : Fast 1200mV 0C Model Minimum Pulse Width 'MAX10_CLK2_50'
Slack : 9.532
TNS   : 0.000

Type  : Fast 1200mV 0C Model Minimum Pulse Width 'MAX10_CLK1_50'
Slack : 16.000
TNS   : 0.000

Type  : Fast 1200mV 0C Model Minimum Pulse Width 'ADC_CLK_10'
Slack : 96.000
TNS   : 0.000

------------------------------------------------------------
