------------------------------------------------------------
Timing Analyzer Summary
------------------------------------------------------------

Type  : Slow 1200mV 85C Model Setup 'main|u1|altpll_component|auto_generated|pll1|clk[0]'
Slack : -5.201
TNS   : -74.281

Type  : Slow 1200mV 85C Model Hold 'main|u1|altpll_component|auto_generated|pll1|clk[0]'
Slack : 0.409
TNS   : 0.000

Type  : Slow 1200mV 85C Model Minimum Pulse Width 'main|u1|altpll_component|auto_generated|pll1|clk[0]'
Slack : 4.298
TNS   : 0.000

Type  : Slow 1200mV 85C Model Minimum Pulse Width 'MAX10_CLK2_50'
Slack : 9.844
TNS   : 0.000

Type  : Slow 1200mV 85C Model Minimum Pulse Width 'MAX10_CLK1_50'
Slack : 16.000
TNS   : 0.000

Type  : Slow 1200mV 85C Model Minimum Pulse Width 'ADC_CLK_10'
Slack : 96.000
TNS   : 0.000

Type  : Slow 1200mV 0C Model Setup 'main|u1|altpll_component|auto_generated|pll1|clk[0]'
Slack : -4.002
TNS   : -53.967

Type  : Slow 1200mV 0C Model Hold 'main|u1|altpll_component|auto_generated|pll1|clk[0]'
Slack : 0.332
TNS   : 0.000

Type  : Slow 1200mV 0C Model Minimum Pulse Width 'main|u1|altpll_component|auto_generated|pll1|clk[0]'
Slack : 4.315
TNS   : 0.000

Type  : Slow 1200mV 0C Model Minimum Pulse Width 'MAX10_CLK2_50'
Slack : 9.857
TNS   : 0.000

Type  : Slow 1200mV 0C Model Minimum Pulse Width 'MAX10_CLK1_50'
Slack : 16.000
TNS   : 0.000

Type  : Slow 1200mV 0C Model Minimum Pulse Width 'ADC_CLK_10'
Slack : 96.000
TNS   : 0.000

Type  : Fast 1200mV 0C Model Setup 'main|u1|altpll_component|auto_generated|pll1|clk[0]'
Slack : 3.140
TNS   : 0.000

Type  : Fast 1200mV 0C Model Hold 'main|u1|altpll_component|auto_generated|pll1|clk[0]'
Slack : 0.207
TNS   : 0.000

Type  : Fast 1200mV 0C Model Minimum Pulse Width 'main|u1|altpll_component|auto_generated|pll1|clk[0]'
Slack : 4.340
TNS   : 0.000

Type  : Fast 1200mV 0C Model Minimum Pulse Width 'MAX10_CLK2_50'
Slack : 9.532
TNS   : 0.000

Type  : Fast 1200mV 0C Model Minimum Pulse Width 'MAX10_CLK1_50'
Slack : 16.000
TNS   : 0.000

Type  : Fast 1200mV 0C Model Minimum Pulse Width 'ADC_CLK_10'
Slack : 96.000
TNS   : 0.000

------------------------------------------------------------
