------------------------------------------------------------
Timing Analyzer Summary
------------------------------------------------------------

Type  : Slow 1200mV 85C Model Setup 'main|u1|altpll_component|auto_generated|pll1|clk[0]'
Slack : 1.802
TNS   : 0.000

Type  : Slow 1200mV 85C Model Hold 'main|u1|altpll_component|auto_generated|pll1|clk[0]'
Slack : 0.323
TNS   : 0.000

Type  : Slow 1200mV 85C Model Minimum Pulse Width 'main|u1|altpll_component|auto_generated|pll1|clk[0]'
Slack : 4.316
TNS   : 0.000

Type  : Slow 1200mV 85C Model Minimum Pulse Width 'MAX10_CLK2_50'
Slack : 9.844
TNS   : 0.000

Type  : Slow 1200mV 85C Model Minimum Pulse Width 'MAX10_CLK1_50'
Slack : 16.000
TNS   : 0.000

Type  : Slow 1200mV 85C Model Minimum Pulse Width 'ADC_CLK_10'
Slack : 96.000
TNS   : 0.000

Type  : Slow 1200mV 0C Model Setup 'main|u1|altpll_component|auto_generated|pll1|clk[0]'
Slack : 2.444
TNS   : 0.000

Type  : Slow 1200mV 0C Model Hold 'main|u1|altpll_component|auto_generated|pll1|clk[0]'
Slack : 0.277
TNS   : 0.000

Type  : Slow 1200mV 0C Model Minimum Pulse Width 'main|u1|altpll_component|auto_generated|pll1|clk[0]'
Slack : 4.325
TNS   : 0.000

Type  : Slow 1200mV 0C Model Minimum Pulse Width 'MAX10_CLK2_50'
Slack : 9.857
TNS   : 0.000

Type  : Slow 1200mV 0C Model Minimum Pulse Width 'MAX10_CLK1_50'
Slack : 16.000
TNS   : 0.000

Type  : Slow 1200mV 0C Model Minimum Pulse Width 'ADC_CLK_10'
Slack : 96.000
TNS   : 0.000

Type  : Fast 1200mV 0C Model Setup 'main|u1|altpll_component|auto_generated|pll1|clk[0]'
Slack : 6.195
TNS   : 0.000

Type  : Fast 1200mV 0C Model Hold 'main|u1|altpll_component|auto_generated|pll1|clk[0]'
Slack : 0.154
TNS   : 0.000

Type  : Fast 1200mV 0C Model Minimum Pulse Width 'main|u1|altpll_component|auto_generated|pll1|clk[0]'
Slack : 4.347
TNS   : 0.000

Type  : Fast 1200mV 0C Model Minimum Pulse Width 'MAX10_CLK2_50'
Slack : 9.532
TNS   : 0.000

Type  : Fast 1200mV 0C Model Minimum Pulse Width 'MAX10_CLK1_50'
Slack : 16.000
TNS   : 0.000

Type  : Fast 1200mV 0C Model Minimum Pulse Width 'ADC_CLK_10'
Slack : 96.000
TNS   : 0.000

------------------------------------------------------------
