------------------------------------------------------------
TimeQuest Timing Analyzer Summary
------------------------------------------------------------

Type  : Slow 1100mV 85C Model Setup 'clk_vga'
Slack : -12.108
TNS   : -288.582

Type  : Slow 1100mV 85C Model Setup 'main|u1|pll108mhz_inst|altera_pll_i|general[0].gpll~PLL_OUTPUT_COUNTER|divclk'
Slack : -3.134
TNS   : -42.585

Type  : Slow 1100mV 85C Model Hold 'main|u1|pll108mhz_inst|altera_pll_i|general[0].gpll~PLL_OUTPUT_COUNTER|divclk'
Slack : 0.363
TNS   : 0.000

Type  : Slow 1100mV 85C Model Hold 'clk_vga'
Slack : 8.012
TNS   : 0.000

Type  : Slow 1100mV 85C Model Minimum Pulse Width 'main|u1|pll108mhz_inst|altera_pll_i|general[0].gpll~FRACTIONAL_PLL|vcoph[0]'
Slack : 0.421
TNS   : 0.000

Type  : Slow 1100mV 85C Model Minimum Pulse Width 'main|u1|pll108mhz_inst|altera_pll_i|general[0].gpll~PLL_OUTPUT_COUNTER|divclk'
Slack : 2.123
TNS   : 0.000

Type  : Slow 1100mV 85C Model Minimum Pulse Width 'CLOCK_50'
Slack : 8.969
TNS   : 0.000

Type  : Slow 1100mV 0C Model Setup 'clk_vga'
Slack : -11.807
TNS   : -283.099

Type  : Slow 1100mV 0C Model Setup 'main|u1|pll108mhz_inst|altera_pll_i|general[0].gpll~PLL_OUTPUT_COUNTER|divclk'
Slack : -3.171
TNS   : -43.633

Type  : Slow 1100mV 0C Model Hold 'main|u1|pll108mhz_inst|altera_pll_i|general[0].gpll~PLL_OUTPUT_COUNTER|divclk'
Slack : 0.369
TNS   : 0.000

Type  : Slow 1100mV 0C Model Hold 'clk_vga'
Slack : 7.901
TNS   : 0.000

Type  : Slow 1100mV 0C Model Minimum Pulse Width 'main|u1|pll108mhz_inst|altera_pll_i|general[0].gpll~FRACTIONAL_PLL|vcoph[0]'
Slack : 0.421
TNS   : 0.000

Type  : Slow 1100mV 0C Model Minimum Pulse Width 'main|u1|pll108mhz_inst|altera_pll_i|general[0].gpll~PLL_OUTPUT_COUNTER|divclk'
Slack : 2.106
TNS   : 0.000

Type  : Slow 1100mV 0C Model Minimum Pulse Width 'CLOCK_50'
Slack : 8.949
TNS   : 0.000

Type  : Fast 1100mV 85C Model Setup 'clk_vga'
Slack : -7.302
TNS   : -174.343

Type  : Fast 1100mV 85C Model Setup 'main|u1|pll108mhz_inst|altera_pll_i|general[0].gpll~PLL_OUTPUT_COUNTER|divclk'
Slack : 1.180
TNS   : 0.000

Type  : Fast 1100mV 85C Model Hold 'main|u1|pll108mhz_inst|altera_pll_i|general[0].gpll~PLL_OUTPUT_COUNTER|divclk'
Slack : 0.178
TNS   : 0.000

Type  : Fast 1100mV 85C Model Hold 'clk_vga'
Slack : 4.173
TNS   : 0.000

Type  : Fast 1100mV 85C Model Minimum Pulse Width 'main|u1|pll108mhz_inst|altera_pll_i|general[0].gpll~FRACTIONAL_PLL|vcoph[0]'
Slack : 0.421
TNS   : 0.000

Type  : Fast 1100mV 85C Model Minimum Pulse Width 'main|u1|pll108mhz_inst|altera_pll_i|general[0].gpll~PLL_OUTPUT_COUNTER|divclk'
Slack : 2.247
TNS   : 0.000

Type  : Fast 1100mV 85C Model Minimum Pulse Width 'CLOCK_50'
Slack : 8.760
TNS   : 0.000

Type  : Fast 1100mV 0C Model Setup 'clk_vga'
Slack : -6.901
TNS   : -165.797

Type  : Fast 1100mV 0C Model Setup 'main|u1|pll108mhz_inst|altera_pll_i|general[0].gpll~PLL_OUTPUT_COUNTER|divclk'
Slack : 1.619
TNS   : 0.000

Type  : Fast 1100mV 0C Model Hold 'main|u1|pll108mhz_inst|altera_pll_i|general[0].gpll~PLL_OUTPUT_COUNTER|divclk'
Slack : 0.170
TNS   : 0.000

Type  : Fast 1100mV 0C Model Hold 'clk_vga'
Slack : 3.876
TNS   : 0.000

Type  : Fast 1100mV 0C Model Minimum Pulse Width 'main|u1|pll108mhz_inst|altera_pll_i|general[0].gpll~FRACTIONAL_PLL|vcoph[0]'
Slack : 0.421
TNS   : 0.000

Type  : Fast 1100mV 0C Model Minimum Pulse Width 'main|u1|pll108mhz_inst|altera_pll_i|general[0].gpll~PLL_OUTPUT_COUNTER|divclk'
Slack : 2.247
TNS   : 0.000

Type  : Fast 1100mV 0C Model Minimum Pulse Width 'CLOCK_50'
Slack : 8.744
TNS   : 0.000

------------------------------------------------------------
